<html>
<body>
<pre>
<h1>µVision Build Log</h1>
<h2>Project:</h2>
C:\Users\Administrator\Desktop\RSM_1\STM32F4\STM32F407VG.uvproj
Project File Date:  08/18/2014

<h2>Output:</h2>
Build target 'Target 1'
assembling startup_stm32f4xx.s...
compiling misc.c...
compiling stm32f4xx_adc.c...
compiling stm32f4xx_can.c...
compiling stm32f4xx_crc.c...
compiling stm32f4xx_cryp.c...
compiling stm32f4xx_cryp_aes.c...
compiling stm32f4xx_cryp_des.c...
compiling stm32f4xx_cryp_tdes.c...
compiling stm32f4xx_dac.c...
compiling stm32f4xx_dbgmcu.c...
compiling stm32f4xx_dcmi.c...
compiling stm32f4xx_dma.c...
compiling stm32f4xx_exti.c...
compiling stm32f4xx_flash.c...
compiling stm32f4xx_fsmc.c...
compiling stm32f4xx_gpio.c...
compiling stm32f4xx_hash.c...
compiling stm32f4xx_hash_md5.c...
compiling stm32f4xx_hash_sha1.c...
compiling stm32f4xx_i2c.c...
compiling stm32f4xx_iwdg.c...
compiling stm32f4xx_pwr.c...
compiling stm32f4xx_rcc.c...
compiling stm32f4xx_rng.c...
compiling stm32f4xx_rtc.c...
compiling stm32f4xx_sdio.c...
compiling stm32f4xx_spi.c...
compiling stm32f4xx_syscfg.c...
compiling stm32f4xx_tim.c...
compiling stm32f4xx_usart.c...
compiling stm32f4xx_wwdg.c...
compiling main.c...
compiling stm32f4xx_it.c...
linking...
.\OutPut\STM32F407VG.axf: Error: L6218E: Undefined symbol SystemInit (referred from startup_stm32f4xx.o).
.\OutPut\STM32F407VG.axf: Error: L6218E: Undefined symbol main (referred from rtentry2.o).
Target not created
Build target 'Target 1'
compiling system_stm32f4xx.c...
linking...
.\OutPut\STM32F407VG.axf: Error: L6218E: Undefined symbol main (referred from rtentry2.o).
Target not created
Build target 'Target 1'
linking...
.\OutPut\STM32F407VG.axf: Error: L6218E: Undefined symbol main (referred from rtentry2.o).
Target not created
Build target 'Target 1'
compiling main.c...
linking...
Program Size: Code=904 RO-data=424 RW-data=20 ZI-data=1636  
".\OutPut\STM32F407VG.axf" - 0 Error(s), 0 Warning(s).
Load "C:\\Users\\Administrator\\Desktop\\RSM_1\\STM32F4\\OutPut\\STM32F407VG.axf" 
Set JLink Project File to "C:\Users\Administrator\Desktop\RSM_1\STM32F4\JLinkSettings.ini"
* JLink Info: Device "STM32F407VG" selected (1024 KB flash, 128 KB RAM).
 
JLink info:
------------
DLL: V4.68a, compiled Apr 12 2013 13:26:50
Firmware: J-Link ARM-OB STM32 compiled Aug 22 2012 19:52:04
Hardware: V7.00
S/N : 20090928 
Feature(s) : RDI,FlashDL,FlashBP,JFlash,GDBFull 
 
* JLink Info: Found SWD-DP with ID 0x2BA01477
* JLink Info: Found SWD-DP with ID 0x2BA01477
* JLink Info: TPIU fitted.
* JLink Info: ETM fitted.
* JLink Info: FPUnit: 6 code (BP) slots and 2 literal slots
* JLink Info: Found Cortex-M4 r0p1, Little endian.
ROMTableAddr = 0xE00FF003
 
Target info:
------------
Device: STM32F407VG
VTarget = 3.300V
State of Pins: 
TCK: 0, TDI: 0, TDO: 1, TMS: 0, TRES: 1, TRST: 1
Hardware-Breakpoints: 6
Software-Breakpoints: 8192
Watchpoints:          4
JTAG speed: 2000 kHz
 
Erase Done.
Programming Done.
Verify OK.
Application running ...
Build target 'Target 1'
compiling main.c...
linking...
Program Size: Code=3056 RO-data=424 RW-data=36 ZI-data=1636  
".\OutPut\STM32F407VG.axf" - 0 Error(s), 0 Warning(s).
Load "C:\\Users\\Administrator\\Desktop\\RSM_1\\STM32F4\\OutPut\\STM32F407VG.axf" 
Set JLink Project File to "C:\Users\Administrator\Desktop\RSM_1\STM32F4\JLinkSettings.ini"
* JLink Info: Device "STM32F407VG" selected (1024 KB flash, 128 KB RAM).
 
JLink info:
------------
DLL: V4.68a, compiled Apr 12 2013 13:26:50
Firmware: J-Link ARM-OB STM32 compiled Aug 22 2012 19:52:04
Hardware: V7.00
S/N : 20090928 
Feature(s) : RDI,FlashDL,FlashBP,JFlash,GDBFull 
 
* JLink Info: Found SWD-DP with ID 0x2BA01477
* JLink Info: Found SWD-DP with ID 0x2BA01477
* JLink Info: TPIU fitted.
* JLink Info: ETM fitted.
* JLink Info: FPUnit: 6 code (BP) slots and 2 literal slots
* JLink Info: Found Cortex-M4 r0p1, Little endian.
ROMTableAddr = 0xE00FF003
 
Target info:
------------
Device: STM32F407VG
VTarget = 3.300V
State of Pins: 
TCK: 0, TDI: 0, TDO: 1, TMS: 0, TRES: 1, TRST: 1
Hardware-Breakpoints: 6
Software-Breakpoints: 8192
Watchpoints:          4
JTAG speed: 2000 kHz
 
Erase Done.
Programming Done.
Verify OK.
Application running ...
Build target 'Target 1'
compiling main.c...
linking...
Program Size: Code=3056 RO-data=424 RW-data=36 ZI-data=1636  
".\OutPut\STM32F407VG.axf" - 0 Error(s), 0 Warning(s).
Load "C:\\Users\\Administrator\\Desktop\\RSM_1\\STM32F4\\OutPut\\STM32F407VG.axf" 
Set JLink Project File to "C:\Users\Administrator\Desktop\RSM_1\STM32F4\JLinkSettings.ini"
* JLink Info: Device "STM32F407VG" selected (1024 KB flash, 128 KB RAM).
 
JLink info:
------------
DLL: V4.68a, compiled Apr 12 2013 13:26:50
Firmware: J-Link ARM-OB STM32 compiled Aug 22 2012 19:52:04
Hardware: V7.00
S/N : 20090928 
Feature(s) : RDI,FlashDL,FlashBP,JFlash,GDBFull 
 
* JLink Info: Found SWD-DP with ID 0x2BA01477
* JLink Info: Found SWD-DP with ID 0x2BA01477
* JLink Info: TPIU fitted.
* JLink Info: ETM fitted.
* JLink Info: FPUnit: 6 code (BP) slots and 2 literal slots
* JLink Info: Found Cortex-M4 r0p1, Little endian.
ROMTableAddr = 0xE00FF003
 
Target info:
------------
Device: STM32F407VG
VTarget = 3.300V
State of Pins: 
TCK: 0, TDI: 0, TDO: 1, TMS: 0, TRES: 1, TRST: 1
Hardware-Breakpoints: 6
Software-Breakpoints: 8192
Watchpoints:          4
JTAG speed: 2000 kHz
 
Erase Done.
Programming Done.
Verify OK.
Application running ...
Build target 'Target 1'
compiling main.c...
linking...
Program Size: Code=3188 RO-data=424 RW-data=36 ZI-data=1636  
".\OutPut\STM32F407VG.axf" - 0 Error(s), 0 Warning(s).
Load "C:\\Users\\Administrator\\Desktop\\RSM_1\\STM32F4\\OutPut\\STM32F407VG.axf" 
Set JLink Project File to "C:\Users\Administrator\Desktop\RSM_1\STM32F4\JLinkSettings.ini"
* JLink Info: Device "STM32F407VG" selected (1024 KB flash, 128 KB RAM).
 
JLink info:
------------
DLL: V4.68a, compiled Apr 12 2013 13:26:50
Firmware: J-Link ARM-OB STM32 compiled Aug 22 2012 19:52:04
Hardware: V7.00
S/N : 20090928 
Feature(s) : RDI,FlashDL,FlashBP,JFlash,GDBFull 
 
* JLink Info: Found SWD-DP with ID 0x2BA01477
* JLink Info: Found SWD-DP with ID 0x2BA01477
* JLink Info: TPIU fitted.
* JLink Info: ETM fitted.
* JLink Info: FPUnit: 6 code (BP) slots and 2 literal slots
* JLink Info: Found Cortex-M4 r0p1, Little endian.
ROMTableAddr = 0xE00FF003
 
Target info:
------------
Device: STM32F407VG
VTarget = 3.300V
State of Pins: 
TCK: 0, TDI: 0, TDO: 1, TMS: 0, TRES: 1, TRST: 1
Hardware-Breakpoints: 6
Software-Breakpoints: 8192
Watchpoints:          4
JTAG speed: 2000 kHz
 
Erase Done.
Programming Done.
Verify OK.
Application running ...
Build target 'Target 1'
compiling main.c...
linking...
Program Size: Code=3176 RO-data=424 RW-data=36 ZI-data=1636  
".\OutPut\STM32F407VG.axf" - 0 Error(s), 0 Warning(s).
Load "C:\\Users\\Administrator\\Desktop\\RSM_1\\STM32F4\\OutPut\\STM32F407VG.axf" 
Set JLink Project File to "C:\Users\Administrator\Desktop\RSM_1\STM32F4\JLinkSettings.ini"
* JLink Info: Device "STM32F407VG" selected (1024 KB flash, 128 KB RAM).
 
JLink info:
------------
DLL: V4.68a, compiled Apr 12 2013 13:26:50
Firmware: J-Link ARM-OB STM32 compiled Aug 22 2012 19:52:04
Hardware: V7.00
S/N : 20090928 
Feature(s) : RDI,FlashDL,FlashBP,JFlash,GDBFull 
 
* JLink Info: Found SWD-DP with ID 0x2BA01477
* JLink Info: Found SWD-DP with ID 0x2BA01477
* JLink Info: TPIU fitted.
* JLink Info: ETM fitted.
* JLink Info: FPUnit: 6 code (BP) slots and 2 literal slots
* JLink Info: Found Cortex-M4 r0p1, Little endian.
ROMTableAddr = 0xE00FF003
 
Target info:
------------
Device: STM32F407VG
VTarget = 3.300V
State of Pins: 
TCK: 0, TDI: 0, TDO: 1, TMS: 0, TRES: 1, TRST: 1
Hardware-Breakpoints: 6
Software-Breakpoints: 8192
Watchpoints:          4
JTAG speed: 2000 kHz
 
Erase Done.
Programming Done.
Verify OK.
Application running ...
Build target 'Target 1'
compiling main.c...
linking...
Program Size: Code=3176 RO-data=424 RW-data=36 ZI-data=1636  
".\OutPut\STM32F407VG.axf" - 0 Error(s), 0 Warning(s).
Load "C:\\Users\\Administrator\\Desktop\\RSM_1\\STM32F4\\OutPut\\STM32F407VG.axf" 
Set JLink Project File to "C:\Users\Administrator\Desktop\RSM_1\STM32F4\JLinkSettings.ini"
* JLink Info: Device "STM32F407VG" selected (1024 KB flash, 128 KB RAM).
 
JLink info:
------------
DLL: V4.68a, compiled Apr 12 2013 13:26:50
Firmware: J-Link ARM-OB STM32 compiled Aug 22 2012 19:52:04
Hardware: V7.00
S/N : 20090928 
Feature(s) : RDI,FlashDL,FlashBP,JFlash,GDBFull 
 
* JLink Info: Found SWD-DP with ID 0x2BA01477
* JLink Info: Found SWD-DP with ID 0x2BA01477
* JLink Info: TPIU fitted.
* JLink Info: ETM fitted.
* JLink Info: FPUnit: 6 code (BP) slots and 2 literal slots
* JLink Info: Found Cortex-M4 r0p1, Little endian.
ROMTableAddr = 0xE00FF003
 
Target info:
------------
Device: STM32F407VG
VTarget = 3.300V
State of Pins: 
TCK: 0, TDI: 0, TDO: 1, TMS: 0, TRES: 1, TRST: 1
Hardware-Breakpoints: 6
Software-Breakpoints: 8192
Watchpoints:          4
JTAG speed: 2000 kHz
 
Erase Done.
Programming Done.
Verify OK.
Application running ...
Build target 'Target 1'
compiling main.c...
linking...
Program Size: Code=3012 RO-data=424 RW-data=36 ZI-data=1636  
".\OutPut\STM32F407VG.axf" - 0 Error(s), 0 Warning(s).
Load "C:\\Users\\Administrator\\Desktop\\RSM_1\\STM32F4\\OutPut\\STM32F407VG.axf" 
Set JLink Project File to "C:\Users\Administrator\Desktop\RSM_1\STM32F4\JLinkSettings.ini"
* JLink Info: Device "STM32F407VG" selected (1024 KB flash, 128 KB RAM).
 
JLink info:
------------
DLL: V4.68a, compiled Apr 12 2013 13:26:50
Firmware: J-Link ARM-OB STM32 compiled Aug 22 2012 19:52:04
Hardware: V7.00
S/N : 20090928 
Feature(s) : RDI,FlashDL,FlashBP,JFlash,GDBFull 
 
* JLink Info: Found SWD-DP with ID 0x2BA01477
* JLink Info: Found SWD-DP with ID 0x2BA01477
* JLink Info: TPIU fitted.
* JLink Info: ETM fitted.
* JLink Info: FPUnit: 6 code (BP) slots and 2 literal slots
* JLink Info: Found Cortex-M4 r0p1, Little endian.
ROMTableAddr = 0xE00FF003
 
Target info:
------------
Device: STM32F407VG
VTarget = 3.300V
State of Pins: 
TCK: 0, TDI: 0, TDO: 1, TMS: 0, TRES: 1, TRST: 1
Hardware-Breakpoints: 6
Software-Breakpoints: 8192
Watchpoints:          4
JTAG speed: 2000 kHz
 
Erase Done.
Programming Done.
Verify OK.
Application running ...
Build target 'Target 1'
compiling system_stm32f4xx.c...
compiling misc.c...
compiling stm32f4xx_adc.c...
compiling stm32f4xx_can.c...
compiling stm32f4xx_crc.c...
compiling stm32f4xx_cryp.c...
compiling stm32f4xx_cryp_aes.c...
compiling stm32f4xx_cryp_des.c...
compiling stm32f4xx_cryp_tdes.c...
compiling stm32f4xx_dac.c...
compiling stm32f4xx_dbgmcu.c...
compiling stm32f4xx_dcmi.c...
compiling stm32f4xx_dma.c...
compiling stm32f4xx_exti.c...
compiling stm32f4xx_flash.c...
compiling stm32f4xx_fsmc.c...
compiling stm32f4xx_gpio.c...
compiling stm32f4xx_hash.c...
compiling stm32f4xx_hash_md5.c...
compiling stm32f4xx_hash_sha1.c...
compiling stm32f4xx_i2c.c...
compiling stm32f4xx_iwdg.c...
compiling stm32f4xx_pwr.c...
compiling stm32f4xx_rcc.c...
compiling stm32f4xx_rng.c...
compiling stm32f4xx_rtc.c...
compiling stm32f4xx_sdio.c...
compiling stm32f4xx_spi.c...
compiling stm32f4xx_syscfg.c...
compiling stm32f4xx_tim.c...
compiling stm32f4xx_usart.c...
compiling stm32f4xx_wwdg.c...
compiling main.c...
compiling stm32f4xx_it.c...
compiling delay.c...
linking...
Program Size: Code=1160 RO-data=424 RW-data=24 ZI-data=1632  
".\OutPut\STM32F407VG.axf" - 0 Error(s), 0 Warning(s).
Build target 'Target 1'
compiling main.c...
linking...
Program Size: Code=1160 RO-data=424 RW-data=24 ZI-data=1632  
".\OutPut\STM32F407VG.axf" - 0 Error(s), 0 Warning(s).
Build target 'Target 1'
compiling main.c...
linking...
Program Size: Code=1160 RO-data=424 RW-data=24 ZI-data=1632  
".\OutPut\STM32F407VG.axf" - 0 Error(s), 0 Warning(s).
Build target 'Target 1'
compiling LED.c...
HardWareDriver\LED.c(66): error:  #20: identifier "LED5" is undefined
HardWareDriver\LED.c(100): error:  #20: identifier "LED5" is undefined
HardWareDriver\LED.c(119): error:  #20: identifier "LED5" is undefined
HardWareDriver\LED.c(139): error:  #20: identifier "LED5" is undefined
Target not created
Build target 'Target 1'
compiling LED.c...
linking...
Program Size: Code=1160 RO-data=424 RW-data=24 ZI-data=1632  
".\OutPut\STM32F407VG.axf" - 0 Error(s), 0 Warning(s).
Build target 'Target 1'
compiling main.c...
User_Src\main.c(6): error:  #159: declaration is incompatible with previous "SystemInit" (declared at line 86 of "C:\Keil\ARM\Inc\ST\STM32F4xx\system_stm32f4xx.h")
Target not created
Build target 'Target 1'
compiling main.c...
User_Src\main.c(6): error:  #159: declaration is incompatible with previous "SystemInit" (declared at line 86 of "C:\Keil\ARM\Inc\ST\STM32F4xx\system_stm32f4xx.h")
Target not created
Build target 'Target 1'
compiling main.c...
User_Src\main.c(6): error:  #159: declaration is incompatible with previous "SystemInit" (declared at line 86 of "C:\Keil\ARM\Inc\ST\STM32F4xx\system_stm32f4xx.h")
Target not created
Build target 'Target 1'
compiling main.c...
linking...
Program Size: Code=3812 RO-data=424 RW-data=40 ZI-data=1712  
".\OutPut\STM32F407VG.axf" - 0 Error(s), 0 Warning(s).
Load "C:\\Users\\Administrator\\Desktop\\RSM_1\\STM32F4\\OutPut\\STM32F407VG.axf" 
Build target 'Target 1'
compiling main.c...
linking...
Program Size: Code=3808 RO-data=424 RW-data=40 ZI-data=1712  
".\OutPut\STM32F407VG.axf" - 0 Error(s), 0 Warning(s).
